error: Unknown directive 03A4\: name_thread 'MAIN'
